Using pre-set license
Built from '2021.1/staging' branch; Version is '2021.1.5f1 (3737af19df53) revision 3618735'; Using compiler version '192528614'; Build Type 'Release'
OS: 'Windows 10 Home; OS build 19042.1415; Version 2009; 64bit' Language: 'da' Physical Memory: 16252 MB
BatchMode: 1, IsHumanControllingUs: 0, StartBugReporterOnCrash: 0, Is64bit: 1, IsPro: 0

 COMMAND LINE ARGUMENTS:
C:\Program Files\Unity\Hub\Editor\2021.1.5f1\Editor\Unity.exe
-adb2
-batchMode
-noUpm
-name
AssetImportWorker0
-projectPath
C:/Users/mikke/Desktop/BossFight - GitHub/BossFight/BossMechanic
-logFile
Logs/AssetImportWorker0.log
-srvPort
57638
Successfully changed project path to: C:/Users/mikke/Desktop/BossFight - GitHub/BossFight/BossMechanic
C:/Users/mikke/Desktop/BossFight - GitHub/BossFight/BossMechanic
Using Asset Import Pipeline V2.
Refreshing native plugins compatible for Editor in 89.56 ms, found 2 plugins.
Preloading 0 native plugins for Editor in 0.00 ms.
Initialize engine version: 2021.1.5f1 (3737af19df53)
[Subsystems] Discovering subsystems at path C:/Program Files/Unity/Hub/Editor/2021.1.5f1/Editor/Data/Resources/UnitySubsystems
[Subsystems] Discovering subsystems at path C:/Users/mikke/Desktop/BossFight - GitHub/BossFight/BossMechanic/Assets
GfxDevice: creating device client; threaded=0; jobified=0
Direct3D:
    Version:  Direct3D 11.0 [level 11.1]
    Renderer: NVIDIA GeForce RTX 3080 Laptop GPU (ID=0x24dc)
    Vendor:   NVIDIA
    VRAM:     16201 MB
    Driver:   30.0.14.9709
Initialize mono
Mono path[0] = 'C:/Program Files/Unity/Hub/Editor/2021.1.5f1/Editor/Data/Managed'
Mono path[1] = 'C:/Program Files/Unity/Hub/Editor/2021.1.5f1/Editor/Data/MonoBleedingEdge/lib/mono/unityjit'
Mono config path = 'C:/Program Files/Unity/Hub/Editor/2021.1.5f1/Editor/Data/MonoBleedingEdge/etc'
Using monoOptions --debugger-agent=transport=dt_socket,embedding=1,server=y,suspend=n,address=127.0.0.1:56808
Begin MonoManager ReloadAssembly
Registering precompiled unity dll's ...
Register platform support module: C:/Program Files/Unity/Hub/Editor/2021.1.5f1/Editor/Data/PlaybackEngines/WindowsStandaloneSupport/UnityEditor.WindowsStandalone.Extensions.dll
Registered in 0.001919 seconds.
Native extension for WindowsStandalone target not found
Refreshing native plugins compatible for Editor in 132.28 ms, found 2 plugins.
Preloading 0 native plugins for Editor in 0.00 ms.
Mono: successfully reloaded assembly
- Completed reload, in  1.356 seconds
Platform modules already initialized, skipping
Registering precompiled user dll's ...
Registered in 0.004103 seconds.
Begin MonoManager ReloadAssembly
Native extension for WindowsStandalone target not found
Refreshing native plugins compatible for Editor in 94.86 ms, found 2 plugins.
Preloading 0 native plugins for Editor in 0.00 ms.
Mono: successfully reloaded assembly
- Completed reload, in  1.283 seconds
Platform modules already initialized, skipping
========================================================================
Worker process is ready to serve import requests
Launched and connected shader compiler UnityShaderCompiler.exe after 0.06 seconds
Refreshing native plugins compatible for Editor in 1.20 ms, found 2 plugins.
Preloading 0 native plugins for Editor in 0.00 ms.
Unloading 3388 Unused Serialized files (Serialized files now loaded: 0)
System memory in use before: 130.6 MB.
System memory in use after: 130.7 MB.

Unloading 29 unused Assets to reduce memory usage. Loaded Objects now: 3844.
Total: 4.253700 ms (FindLiveObjects: 0.365300 ms CreateObjectMapping: 0.095100 ms MarkObjects: 3.494200 ms  DeleteObjects: 0.296700 ms)

========================================================================
Received Import Request.
  path: Assets/Scripts/BossScript.cs
  artifactKey: Guid(098ee926f07fedb42a611f3a1671a6c2) Importer(815301076,1909f56bfc062723c751e8b465ee728b)
Start importing Assets/Scripts/BossScript.cs using Guid(098ee926f07fedb42a611f3a1671a6c2) Importer(815301076,1909f56bfc062723c751e8b465ee728b)  -> (artifact id: 'c87dbd618cbf13e8dfd9a8f66c888b6e') in 0.064925 seconds 
========================================================================
Received Import Request.
  Time since last request: 164.602122 seconds.
  path: Assets/Assets/BossInfill.png
  artifactKey: Guid(68bb0eee79eb2f147a0a853bb2cc3d0b) Importer(815301076,1909f56bfc062723c751e8b465ee728b)
Start importing Assets/Assets/BossInfill.png using Guid(68bb0eee79eb2f147a0a853bb2cc3d0b) Importer(815301076,1909f56bfc062723c751e8b465ee728b)  -> (artifact id: 'ecbabf6ca179d274790224107f20f944') in 0.104066 seconds 
========================================================================
Received Prepare
Registering precompiled user dll's ...
Registered in 0.003256 seconds.
Begin MonoManager ReloadAssembly
Native extension for WindowsStandalone target not found
Refreshing native plugins compatible for Editor in 0.67 ms, found 2 plugins.
Preloading 0 native plugins for Editor in 0.00 ms.
Mono: successfully reloaded assembly
- Completed reload, in  0.803 seconds
Platform modules already initialized, skipping
Refreshing native plugins compatible for Editor in 0.73 ms, found 2 plugins.
Preloading 0 native plugins for Editor in 0.00 ms.
Unloading 3371 Unused Serialized files (Serialized files now loaded: 0)
System memory in use before: 133.4 MB.
System memory in use after: 133.5 MB.

Unloading 17 unused Assets to reduce memory usage. Loaded Objects now: 3869.
Total: 2.276200 ms (FindLiveObjects: 0.298200 ms CreateObjectMapping: 0.095800 ms MarkObjects: 1.787900 ms  DeleteObjects: 0.093100 ms)

AssetImportWorkerClient::OnTransportError - code=2 error=End of file
